[preprocess] masked 6759/576576 implausible cells (1.17%) outside [0, 500] ug/m3 -> treated as not observed
[preprocess] sensors: 66 -> 59 kept  (threshold=40% yearly coverage)
[preprocess] dropped full-year duds (coverage): [('198947', 0.0), ('201107', 0.032), ('200813', 0.032), ('103796', 0.136), ('185379', 0.183), ('141976', 0.237), ('141112', 0.243)]
[preprocess] observed cells: 423923/515424 (82.2%) -> only these can enter the loss; the rest are filled inputs (zero), never targets
[wind] source=HRRR 3km (/Users/annaypodimatopoulou/Code/side_quests/nasa-sees/data/pittsburgh/wind_hrrr)
[subsample] density sweep -> kept 12 sensors (subsample_seed=0)
[graph] set='urban'  nodes=12  edges=74  timesteps=8736  has_wind=True  has_temp=True
[stat] pittsburgh  N=12 ss=0  nrmse=0.945 dens=0.380 nn=1.67 relief=26 margin=+10.44
[preprocess] masked 6759/576576 implausible cells (1.17%) outside [0, 500] ug/m3 -> treated as not observed
[preprocess] sensors: 66 -> 59 kept  (threshold=40% yearly coverage)
[preprocess] dropped full-year duds (coverage): [('198947', 0.0), ('201107', 0.032), ('200813', 0.032), ('103796', 0.136), ('185379', 0.183), ('141976', 0.237), ('141112', 0.243)]
[preprocess] observed cells: 423923/515424 (82.2%) -> only these can enter the loss; the rest are filled inputs (zero), never targets
[wind] source=HRRR 3km (/Users/annaypodimatopoulou/Code/side_quests/nasa-sees/data/pittsburgh/wind_hrrr)
[subsample] density sweep -> kept 12 sensors (subsample_seed=1)
[graph] set='urban'  nodes=12  edges=84  timesteps=8736  has_wind=True  has_temp=True
[stat] pittsburgh  N=12 ss=1  nrmse=0.907 dens=0.165 nn=2.36 relief=44 margin=+10.90
[preprocess] masked 6759/576576 implausible cells (1.17%) outside [0, 500] ug/m3 -> treated as not observed
[preprocess] sensors: 66 -> 59 kept  (threshold=40% yearly coverage)
[preprocess] dropped full-year duds (coverage): [('198947', 0.0), ('201107', 0.032), ('200813', 0.032), ('103796', 0.136), ('185379', 0.183), ('141976', 0.237), ('141112', 0.243)]
[preprocess] observed cells: 423923/515424 (82.2%) -> only these can enter the loss; the rest are filled inputs (zero), never targets
[wind] source=HRRR 3km (/Users/annaypodimatopoulou/Code/side_quests/nasa-sees/data/pittsburgh/wind_hrrr)
[subsample] density sweep -> kept 20 sensors (subsample_seed=0)
[graph] set='urban'  nodes=20  edges=142  timesteps=8736  has_wind=True  has_temp=True
[stat] pittsburgh  N=20 ss=0  nrmse=0.917 dens=0.197 nn=1.74 relief=34 margin=+6.46
[preprocess] masked 6759/576576 implausible cells (1.17%) outside [0, 500] ug/m3 -> treated as not observed
[preprocess] sensors: 66 -> 59 kept  (threshold=40% yearly coverage)
[preprocess] dropped full-year duds (coverage): [('198947', 0.0), ('201107', 0.032), ('200813', 0.032), ('103796', 0.136), ('185379', 0.183), ('141976', 0.237), ('141112', 0.243)]
[preprocess] observed cells: 423923/515424 (82.2%) -> only these can enter the loss; the rest are filled inputs (zero), never targets
[wind] source=HRRR 3km (/Users/annaypodimatopoulou/Code/side_quests/nasa-sees/data/pittsburgh/wind_hrrr)
[subsample] density sweep -> kept 20 sensors (subsample_seed=1)
[graph] set='urban'  nodes=20  edges=132  timesteps=8736  has_wind=True  has_temp=True
[stat] pittsburgh  N=20 ss=1  nrmse=0.919 dens=0.368 nn=0.92 relief=37 margin=+11.49
[preprocess] masked 6759/576576 implausible cells (1.17%) outside [0, 500] ug/m3 -> treated as not observed
[preprocess] sensors: 66 -> 59 kept  (threshold=40% yearly coverage)
[preprocess] dropped full-year duds (coverage): [('198947', 0.0), ('201107', 0.032), ('200813', 0.032), ('103796', 0.136), ('185379', 0.183), ('141976', 0.237), ('141112', 0.243)]
[preprocess] observed cells: 423923/515424 (82.2%) -> only these can enter the loss; the rest are filled inputs (zero), never targets
[wind] source=HRRR 3km (/Users/annaypodimatopoulou/Code/side_quests/nasa-sees/data/pittsburgh/wind_hrrr)
[subsample] density sweep -> kept 30 sensors (subsample_seed=0)
[graph] set='urban'  nodes=30  edges=206  timesteps=8736  has_wind=True  has_temp=True
[stat] pittsburgh  N=30 ss=0  nrmse=0.936 dens=0.343 nn=1.20 relief=30 margin=+9.82
[preprocess] masked 6759/576576 implausible cells (1.17%) outside [0, 500] ug/m3 -> treated as not observed
[preprocess] sensors: 66 -> 59 kept  (threshold=40% yearly coverage)
[preprocess] dropped full-year duds (coverage): [('198947', 0.0), ('201107', 0.032), ('200813', 0.032), ('103796', 0.136), ('185379', 0.183), ('141976', 0.237), ('141112', 0.243)]
[preprocess] observed cells: 423923/515424 (82.2%) -> only these can enter the loss; the rest are filled inputs (zero), never targets
[wind] source=HRRR 3km (/Users/annaypodimatopoulou/Code/side_quests/nasa-sees/data/pittsburgh/wind_hrrr)
[subsample] density sweep -> kept 30 sensors (subsample_seed=1)
[graph] set='urban'  nodes=30  edges=200  timesteps=8736  has_wind=True  has_temp=True
[stat] pittsburgh  N=30 ss=1  nrmse=0.919 dens=0.403 nn=0.55 relief=45 margin=+10.92
[preprocess] masked 6759/576576 implausible cells (1.17%) outside [0, 500] ug/m3 -> treated as not observed
[preprocess] sensors: 66 -> 59 kept  (threshold=40% yearly coverage)
[preprocess] dropped full-year duds (coverage): [('198947', 0.0), ('201107', 0.032), ('200813', 0.032), ('103796', 0.136), ('185379', 0.183), ('141976', 0.237), ('141112', 0.243)]
[preprocess] observed cells: 423923/515424 (82.2%) -> only these can enter the loss; the rest are filled inputs (zero), never targets
[wind] source=HRRR 3km (/Users/annaypodimatopoulou/Code/side_quests/nasa-sees/data/pittsburgh/wind_hrrr)
[subsample] density sweep -> kept 45 sensors (subsample_seed=0)
[graph] set='urban'  nodes=45  edges=302  timesteps=8736  has_wind=True  has_temp=True
[stat] pittsburgh  N=45 ss=0  nrmse=0.874 dens=0.460 nn=0.67 relief=40 margin=+9.34
[preprocess] masked 6759/576576 implausible cells (1.17%) outside [0, 500] ug/m3 -> treated as not observed
[preprocess] sensors: 66 -> 59 kept  (threshold=40% yearly coverage)
[preprocess] dropped full-year duds (coverage): [('198947', 0.0), ('201107', 0.032), ('200813', 0.032), ('103796', 0.136), ('185379', 0.183), ('141976', 0.237), ('141112', 0.243)]
[preprocess] observed cells: 423923/515424 (82.2%) -> only these can enter the loss; the rest are filled inputs (zero), never targets
[wind] source=HRRR 3km (/Users/annaypodimatopoulou/Code/side_quests/nasa-sees/data/pittsburgh/wind_hrrr)
[subsample] density sweep -> kept 45 sensors (subsample_seed=1)
[graph] set='urban'  nodes=45  edges=296  timesteps=8736  has_wind=True  has_temp=True
[stat] pittsburgh  N=45 ss=1  nrmse=0.882 dens=0.422 nn=0.83 relief=41 margin=+10.62
[preprocess] masked 4379/87320 implausible cells (5.01%) outside [0, 500] ug/m3 -> treated as not observed
[preprocess] sensors: 40 -> 36 kept  (threshold=40% yearly coverage)
[preprocess] dropped full-year duds (coverage): [('112594', 0.0), ('129727', 0.0), ('34941', 0.081), ('199645', 0.209)]
[preprocess] observed cells: 76530/78588 (97.4%) -> only these can enter the loss; the rest are filled inputs (zero), never targets
[wind] source=HRRR 3km (/Users/annaypodimatopoulou/Code/side_quests/nasa-sees/data/slc/wind_hrrr)
[subsample] density sweep -> kept 10 sensors (subsample_seed=0)
[graph] set='urban'  nodes=10  edges=56  timesteps=2183  has_wind=True  has_temp=False
[stat] slc         N=10 ss=0  nrmse=0.816 dens=0.045 nn=3.40 relief=120 margin=+4.62
[preprocess] masked 4379/87320 implausible cells (5.01%) outside [0, 500] ug/m3 -> treated as not observed
[preprocess] sensors: 40 -> 36 kept  (threshold=40% yearly coverage)
[preprocess] dropped full-year duds (coverage): [('112594', 0.0), ('129727', 0.0), ('34941', 0.081), ('199645', 0.209)]
[preprocess] observed cells: 76530/78588 (97.4%) -> only these can enter the loss; the rest are filled inputs (zero), never targets
[wind] source=HRRR 3km (/Users/annaypodimatopoulou/Code/side_quests/nasa-sees/data/slc/wind_hrrr)
[subsample] density sweep -> kept 10 sensors (subsample_seed=1)
[graph] set='urban'  nodes=10  edges=64  timesteps=2183  has_wind=True  has_temp=False
[stat] slc         N=10 ss=1  nrmse=0.806 dens=0.027 nn=6.18 relief=94 margin=+6.09
[preprocess] masked 4379/87320 implausible cells (5.01%) outside [0, 500] ug/m3 -> treated as not observed
[preprocess] sensors: 40 -> 36 kept  (threshold=40% yearly coverage)
[preprocess] dropped full-year duds (coverage): [('112594', 0.0), ('129727', 0.0), ('34941', 0.081), ('199645', 0.209)]
[preprocess] observed cells: 76530/78588 (97.4%) -> only these can enter the loss; the rest are filled inputs (zero), never targets
[wind] source=HRRR 3km (/Users/annaypodimatopoulou/Code/side_quests/nasa-sees/data/slc/wind_hrrr)
[subsample] density sweep -> kept 16 sensors (subsample_seed=0)
[graph] set='urban'  nodes=16  edges=98  timesteps=2183  has_wind=True  has_temp=False
[stat] slc         N=16 ss=0  nrmse=0.679 dens=0.026 nn=4.27 relief=101 margin=+3.53
[preprocess] masked 4379/87320 implausible cells (5.01%) outside [0, 500] ug/m3 -> treated as not observed
[preprocess] sensors: 40 -> 36 kept  (threshold=40% yearly coverage)
[preprocess] dropped full-year duds (coverage): [('112594', 0.0), ('129727', 0.0), ('34941', 0.081), ('199645', 0.209)]
[preprocess] observed cells: 76530/78588 (97.4%) -> only these can enter the loss; the rest are filled inputs (zero), never targets
[wind] source=HRRR 3km (/Users/annaypodimatopoulou/Code/side_quests/nasa-sees/data/slc/wind_hrrr)
[subsample] density sweep -> kept 16 sensors (subsample_seed=1)
[graph] set='urban'  nodes=16  edges=104  timesteps=2183  has_wind=True  has_temp=False
[stat] slc         N=16 ss=1  nrmse=0.676 dens=0.031 nn=4.63 relief=98 margin=+5.47
[preprocess] masked 4379/87320 implausible cells (5.01%) outside [0, 500] ug/m3 -> treated as not observed
[preprocess] sensors: 40 -> 36 kept  (threshold=40% yearly coverage)
[preprocess] dropped full-year duds (coverage): [('112594', 0.0), ('129727', 0.0), ('34941', 0.081), ('199645', 0.209)]
[preprocess] observed cells: 76530/78588 (97.4%) -> only these can enter the loss; the rest are filled inputs (zero), never targets
[wind] source=HRRR 3km (/Users/annaypodimatopoulou/Code/side_quests/nasa-sees/data/slc/wind_hrrr)
[subsample] density sweep -> kept 24 sensors (subsample_seed=0)
[graph] set='urban'  nodes=24  edges=156  timesteps=2183  has_wind=True  has_temp=False
[stat] slc         N=24 ss=0  nrmse=0.637 dens=0.034 nn=3.67 relief=106 margin=+3.45
[preprocess] masked 4379/87320 implausible cells (5.01%) outside [0, 500] ug/m3 -> treated as not observed
[preprocess] sensors: 40 -> 36 kept  (threshold=40% yearly coverage)
[preprocess] dropped full-year duds (coverage): [('112594', 0.0), ('129727', 0.0), ('34941', 0.081), ('199645', 0.209)]
[preprocess] observed cells: 76530/78588 (97.4%) -> only these can enter the loss; the rest are filled inputs (zero), never targets
[wind] source=HRRR 3km (/Users/annaypodimatopoulou/Code/side_quests/nasa-sees/data/slc/wind_hrrr)
[subsample] density sweep -> kept 24 sensors (subsample_seed=1)
[graph] set='urban'  nodes=24  edges=144  timesteps=2183  has_wind=True  has_temp=False
[stat] slc         N=24 ss=1  nrmse=0.642 dens=0.034 nn=3.33 relief=115 margin=+3.88
[preprocess] masked 7430/61971 implausible cells (11.99%) outside [0, 500] ug/m3 -> treated as not observed
[preprocess] sensors: 21 -> 18 kept  (threshold=40% yearly coverage)
[preprocess] dropped full-year duds (coverage): [('111391', 0.0), ('118085', 0.0), ('18625', 0.0)]
[preprocess] observed cells: 49026/53118 (92.3%) -> only these can enter the loss; the rest are filled inputs (zero), never targets
[wind] source=HRRR 3km (/Users/annaypodimatopoulou/Code/side_quests/nasa-sees/data/fresno_variants/fresno/wind_hrrr)
[subsample] density sweep -> kept 8 sensors (subsample_seed=0)
[graph] set='urban'  nodes=8  edges=48  timesteps=2951  has_wind=True  has_temp=False
[stat] fresno      N= 8 ss=0  nrmse=0.966 dens=0.123 nn=2.48 relief=4 margin=+8.84
[preprocess] masked 7430/61971 implausible cells (11.99%) outside [0, 500] ug/m3 -> treated as not observed
[preprocess] sensors: 21 -> 18 kept  (threshold=40% yearly coverage)
[preprocess] dropped full-year duds (coverage): [('111391', 0.0), ('118085', 0.0), ('18625', 0.0)]
[preprocess] observed cells: 49026/53118 (92.3%) -> only these can enter the loss; the rest are filled inputs (zero), never targets
[wind] source=HRRR 3km (/Users/annaypodimatopoulou/Code/side_quests/nasa-sees/data/fresno_variants/fresno/wind_hrrr)
[subsample] density sweep -> kept 8 sensors (subsample_seed=1)
[graph] set='urban'  nodes=8  edges=48  timesteps=2951  has_wind=True  has_temp=False
[stat] fresno      N= 8 ss=1  nrmse=1.023 dens=0.061 nn=4.07 relief=7 margin=+3.83
[preprocess] masked 7430/61971 implausible cells (11.99%) outside [0, 500] ug/m3 -> treated as not observed
[preprocess] sensors: 21 -> 18 kept  (threshold=40% yearly coverage)
[preprocess] dropped full-year duds (coverage): [('111391', 0.0), ('118085', 0.0), ('18625', 0.0)]
[preprocess] observed cells: 49026/53118 (92.3%) -> only these can enter the loss; the rest are filled inputs (zero), never targets
[wind] source=HRRR 3km (/Users/annaypodimatopoulou/Code/side_quests/nasa-sees/data/fresno_variants/fresno/wind_hrrr)
[subsample] density sweep -> kept 12 sensors (subsample_seed=0)
[graph] set='urban'  nodes=12  edges=80  timesteps=2951  has_wind=True  has_temp=False
[stat] fresno      N=12 ss=0  nrmse=0.763 dens=0.088 nn=2.40 relief=7 margin=+3.54
[preprocess] masked 7430/61971 implausible cells (11.99%) outside [0, 500] ug/m3 -> treated as not observed
[preprocess] sensors: 21 -> 18 kept  (threshold=40% yearly coverage)
[preprocess] dropped full-year duds (coverage): [('111391', 0.0), ('118085', 0.0), ('18625', 0.0)]
[preprocess] observed cells: 49026/53118 (92.3%) -> only these can enter the loss; the rest are filled inputs (zero), never targets
[wind] source=HRRR 3km (/Users/annaypodimatopoulou/Code/side_quests/nasa-sees/data/fresno_variants/fresno/wind_hrrr)
[subsample] density sweep -> kept 12 sensors (subsample_seed=1)
[graph] set='urban'  nodes=12  edges=78  timesteps=2951  has_wind=True  has_temp=False
[stat] fresno      N=12 ss=1  nrmse=0.792 dens=0.097 nn=2.28 relief=6 margin=+8.72

SINGLE-predictor OLS across 18 networks:
     predictor      R2   Spearman
 spatial_nrmse   0.385      0.591
       density   0.673      0.796
    mean_nn_km   0.522     -0.769
      relief_m   0.241     -0.280
         rho24   0.457     -0.587
       vario24   0.453     -0.626

BEST 2-feature pairs (multiple OLS R2):
   0.707   spatial_nrmse + density
   0.692   density + relief_m
   0.686   density + vario24
   0.683   density + rho24
   0.674   density + mean_nn_km
